// Vitest Snapshot v1, https://vitest.dev/guide/snapshot.html

exports[`ConfigService.jsonSchema > matches the published schema snapshot 1`] = `
{
  "definitions": {},
  "dialect": "draft-2020-12",
  "schema": {
    "additionalProperties": false,
    "description": "Declares a project's Layers and LayerGraphs.",
    "properties": {
      "$schema": {
        "anyOf": [
          {
            "type": "string",
          },
          {
            "type": "null",
          },
        ],
        "description": "JSON Schema URL, used by editors for autocomplete and validation.",
      },
      "layerGraphs": {
        "additionalProperties": {
          "additionalProperties": false,
          "description": "A named set of Rules representing one responsibility (e.g. core architecture, test boundaries). This is an organizational grouping, not an enforcement boundary — enforcement unions every Rule declared across every LayerGraph in the project.",
          "properties": {
            "description": {
              "anyOf": [
                {
                  "type": "string",
                },
                {
                  "type": "null",
                },
              ],
              "description": "Human-readable summary of this LayerGraph.",
            },
            "rules": {
              "additionalProperties": {
                "items": {
                  "type": "string",
                },
                "type": "array",
              },
              "description": "Maps a Layer id to the Layer ids it may directly depend on. Rules are default-deny and transitive: a dependency between two Layers with no declared path between them, direct or transitive, is a violation. A Layer with no outgoing rule is a valid, intentional leaf.",
              "type": "object",
            },
          },
          "required": [
            "rules",
          ],
          "title": "LayerGraph",
          "type": "object",
        },
        "allOf": [
          {
            "minProperties": 1,
          },
        ],
        "description": "Every LayerGraph in the project, keyed by id. At least one LayerGraph is required.",
        "type": "object",
      },
      "layers": {
        "additionalProperties": {
          "additionalProperties": false,
          "description": "A named, configured group of project-relative paths.",
          "properties": {
            "description": {
              "anyOf": [
                {
                  "type": "string",
                },
                {
                  "type": "null",
                },
              ],
              "description": "Human-readable summary of this Layer.",
            },
            "paths": {
              "allOf": [
                {
                  "minItems": 1,
                },
              ],
              "description": "Project-relative paths belonging to this Layer. Layers are disjoint — no path may belong to more than one Layer.",
              "items": {
                "type": "string",
              },
              "type": "array",
            },
          },
          "required": [
            "paths",
          ],
          "title": "Layer",
          "type": "object",
        },
        "allOf": [
          {
            "minProperties": 1,
          },
        ],
        "description": "Every Layer in the project, keyed by id.",
        "type": "object",
      },
      "sourceRoots": {
        "allOf": [
          {
            "minItems": 1,
          },
        ],
        "description": "Project-relative files or folders that define the complete static analysis universe.",
        "items": {
          "type": "string",
        },
        "type": "array",
      },
    },
    "required": [
      "sourceRoots",
      "layers",
      "layerGraphs",
    ],
    "title": "Laymos Config",
    "type": "object",
  },
}
`;
